should render correctly for test environment:
  1: |
    foo: bar
